[watchdog 18:46:20] attempt 1 开跑
{'req': 'req-06-pico-native-usb-gateway.md', 'status': 'HALT', 'rounds': None, 'n_rounds': 2}
{'req': 'req-07-motor-driver-board.md', 'status': 'HALT', 'rounds': None, 'n_rounds': 3}
{'req': 'req-10-esp32s3-industrial-4layer.md', 'status': 'PASS', 'rounds': 1, 'n_rounds': 1}
{'req': 'req-12-hybrid-dual-mcu-gateway.md', 'status': 'PASS', 'rounds': 2, 'n_rounds': 2}
{'req': 'req-13-env-sensor-motherboard.md', 'status': 'PASS', 'rounds': 1, 'n_rounds': 1}
{'req': 'req-14-door-sensor-e2e.md', 'status': 'PASS', 'rounds': 1, 'n_rounds': 1}
{
 "rows": [
  {
   "req": "req-06-pico-native-usb-gateway.md",
   "status": "HALT",
   "rounds": null,
   "n_rounds": 2
  },
  {
   "req": "req-07-motor-driver-board.md",
   "status": "HALT",
   "rounds": null,
   "n_rounds": 3
  },
  {
   "req": "req-10-esp32s3-industrial-4layer.md",
   "status": "PASS",
   "rounds": 1,
   "n_rounds": 1
  },
  {
   "req": "req-12-hybrid-dual-mcu-gateway.md",
   "status": "PASS",
   "rounds": 2,
   "n_rounds": 2
  },
  {
   "req": "req-13-env-sensor-motherboard.md",
   "status": "PASS",
   "rounds": 1,
   "n_rounds": 1
  },
  {
   "req": "req-14-door-sensor-e2e.md",
   "status": "PASS",
   "rounds": 1,
   "n_rounds": 1
  }
 ],
 "pass@3": 0.6666666666666666,
 "pass@5": 0.6666666666666666,
 "go3": true,
 "go5": false
}
[watchdog 20:17:39] attempt 1 exit=1 进度 4/6
[watchdog 20:18:09] attempt 2 开跑
{'req': 'req-06-pico-native-usb-gateway.md', 'status': 'HALT', 'rounds': None, 'n_rounds': 2}
{'req': 'req-07-motor-driver-board.md', 'status': 'HALT', 'rounds': None, 'n_rounds': 3}
skip(done) req-10-esp32s3-industrial-4layer.md: {'req': 'req-10-esp32s3-industrial-4layer.md', 'status': 'PASS', 'rounds': 1, 'n_rounds': 1}
skip(done) req-12-hybrid-dual-mcu-gateway.md: {'req': 'req-12-hybrid-dual-mcu-gateway.md', 'status': 'PASS', 'rounds': 2, 'n_rounds': 2}
skip(done) req-13-env-sensor-motherboard.md: {'req': 'req-13-env-sensor-motherboard.md', 'status': 'PASS', 'rounds': 1, 'n_rounds': 1}
skip(done) req-14-door-sensor-e2e.md: {'req': 'req-14-door-sensor-e2e.md', 'status': 'PASS', 'rounds': 1, 'n_rounds': 1}
{
 "rows": [
  {
   "req": "req-06-pico-native-usb-gateway.md",
   "status": "HALT",
   "rounds": null,
   "n_rounds": 2
  },
  {
   "req": "req-07-motor-driver-board.md",
   "status": "HALT",
   "rounds": null,
   "n_rounds": 3
  },
  {
   "req": "req-10-esp32s3-industrial-4layer.md",
   "status": "PASS",
   "rounds": 1,
   "n_rounds": 1
  },
  {
   "req": "req-12-hybrid-dual-mcu-gateway.md",
   "status": "PASS",
   "rounds": 2,
   "n_rounds": 2
  },
  {
   "req": "req-13-env-sensor-motherboard.md",
   "status": "PASS",
   "rounds": 1,
   "n_rounds": 1
  },
  {
   "req": "req-14-door-sensor-e2e.md",
   "status": "PASS",
   "rounds": 1,
   "n_rounds": 1
  }
 ],
 "pass@3": 0.6666666666666666,
 "pass@5": 0.6666666666666666,
 "go3": true,
 "go5": false
}
[watchdog 21:18:17] attempt 2 exit=1 进度 4/6
[watchdog 21:18:48] attempt 3 开跑
