[watchdog 16:10:38] attempt 1 开跑
{'req': 'req-01-esp32s3-mini-2layer.md', 'status': 'HALT', 'rounds': None, 'n_rounds': 2}
{'req': 'req-02-rs485-sensor-hub.md', 'status': 'HALT', 'rounds': None, 'n_rounds': 2}
{'req': 'req-03-ir-remote-hub.md', 'status': 'PASS', 'rounds': 1, 'n_rounds': 1}
{'req': 'req-04-smart-dial-oled.md', 'status': 'PASS', 'rounds': 1, 'n_rounds': 1}
{'req': 'req-05-battery-ble-telemetry.md', 'status': 'PASS', 'rounds': 1, 'n_rounds': 1}
{'req': 'req-08-liion-protection-freeform.md', 'status': 'PASS', 'rounds': 2, 'n_rounds': 2}
{'req': 'req-09-ambiguous-sensor-node.md', 'status': 'PASS', 'rounds': 1, 'n_rounds': 1}
{'req': 'req-11-isolated-dido-module.md', 'status': 'PASS', 'rounds': 1, 'n_rounds': 1}
{
 "rows": [
  {
   "req": "req-01-esp32s3-mini-2layer.md",
   "status": "HALT",
   "rounds": null,
   "n_rounds": 2
  },
  {
   "req": "req-02-rs485-sensor-hub.md",
   "status": "HALT",
   "rounds": null,
   "n_rounds": 2
  },
  {
   "req": "req-03-ir-remote-hub.md",
   "status": "PASS",
   "rounds": 1,
   "n_rounds": 1
  },
  {
   "req": "req-04-smart-dial-oled.md",
   "status": "PASS",
   "rounds": 1,
   "n_rounds": 1
  },
  {
   "req": "req-05-battery-ble-telemetry.md",
   "status": "PASS",
   "rounds": 1,
   "n_rounds": 1
  },
  {
   "req": "req-08-liion-protection-freeform.md",
   "status": "PASS",
   "rounds": 2,
   "n_rounds": 2
  },
  {
   "req": "req-09-ambiguous-sensor-node.md",
   "status": "PASS",
   "rounds": 1,
   "n_rounds": 1
  },
  {
   "req": "req-11-isolated-dido-module.md",
   "status": "PASS",
   "rounds": 1,
   "n_rounds": 1
  }
 ],
 "pass@3": 0.75,
 "pass@5": 0.75,
 "go3": true,
 "go5": false
}
[watchdog 17:22:37] attempt 1 exit=1 进度 6/8
[watchdog 17:23:07] attempt 2 开跑
{'req': 'req-01-esp32s3-mini-2layer.md', 'status': 'HALT', 'rounds': None, 'n_rounds': 2}
{'req': 'req-02-rs485-sensor-hub.md', 'status': 'HALT', 'rounds': None, 'n_rounds': 2}
skip(done) req-03-ir-remote-hub.md: {'req': 'req-03-ir-remote-hub.md', 'status': 'PASS', 'rounds': 1, 'n_rounds': 1}
skip(done) req-04-smart-dial-oled.md: {'req': 'req-04-smart-dial-oled.md', 'status': 'PASS', 'rounds': 1, 'n_rounds': 1}
skip(done) req-05-battery-ble-telemetry.md: {'req': 'req-05-battery-ble-telemetry.md', 'status': 'PASS', 'rounds': 1, 'n_rounds': 1}
skip(done) req-08-liion-protection-freeform.md: {'req': 'req-08-liion-protection-freeform.md', 'status': 'PASS', 'rounds': 2, 'n_rounds': 2}
skip(done) req-09-ambiguous-sensor-node.md: {'req': 'req-09-ambiguous-sensor-node.md', 'status': 'PASS', 'rounds': 1, 'n_rounds': 1}
skip(done) req-11-isolated-dido-module.md: {'req': 'req-11-isolated-dido-module.md', 'status': 'PASS', 'rounds': 1, 'n_rounds': 1}
{
 "rows": [
  {
   "req": "req-01-esp32s3-mini-2layer.md",
   "status": "HALT",
   "rounds": null,
   "n_rounds": 2
  },
  {
   "req": "req-02-rs485-sensor-hub.md",
   "status": "HALT",
   "rounds": null,
   "n_rounds": 2
  },
  {
   "req": "req-03-ir-remote-hub.md",
   "status": "PASS",
   "rounds": 1,
   "n_rounds": 1
  },
  {
   "req": "req-04-smart-dial-oled.md",
   "status": "PASS",
   "rounds": 1,
   "n_rounds": 1
  },
  {
   "req": "req-05-battery-ble-telemetry.md",
   "status": "PASS",
   "rounds": 1,
   "n_rounds": 1
  },
  {
   "req": "req-08-liion-protection-freeform.md",
   "status": "PASS",
   "rounds": 2,
   "n_rounds": 2
  },
  {
   "req": "req-09-ambiguous-sensor-node.md",
   "status": "PASS",
   "rounds": 1,
   "n_rounds": 1
  },
  {
   "req": "req-11-isolated-dido-module.md",
   "status": "PASS",
   "rounds": 1,
   "n_rounds": 1
  }
 ],
 "pass@3": 0.75,
 "pass@5": 0.75,
 "go3": true,
 "go5": false
}
[watchdog 17:52:11] attempt 2 exit=1 进度 6/8
[watchdog 17:52:41] attempt 3 开跑
{'req': 'req-01-esp32s3-mini-2layer.md', 'status': 'HALT', 'rounds': None, 'n_rounds': 2}
{'req': 'req-02-rs485-sensor-hub.md', 'status': 'HALT', 'rounds': None, 'n_rounds': 2}
skip(done) req-03-ir-remote-hub.md: {'req': 'req-03-ir-remote-hub.md', 'status': 'PASS', 'rounds': 1, 'n_rounds': 1}
skip(done) req-04-smart-dial-oled.md: {'req': 'req-04-smart-dial-oled.md', 'status': 'PASS', 'rounds': 1, 'n_rounds': 1}
skip(done) req-05-battery-ble-telemetry.md: {'req': 'req-05-battery-ble-telemetry.md', 'status': 'PASS', 'rounds': 1, 'n_rounds': 1}
skip(done) req-08-liion-protection-freeform.md: {'req': 'req-08-liion-protection-freeform.md', 'status': 'PASS', 'rounds': 2, 'n_rounds': 2}
skip(done) req-09-ambiguous-sensor-node.md: {'req': 'req-09-ambiguous-sensor-node.md', 'status': 'PASS', 'rounds': 1, 'n_rounds': 1}
skip(done) req-11-isolated-dido-module.md: {'req': 'req-11-isolated-dido-module.md', 'status': 'PASS', 'rounds': 1, 'n_rounds': 1}
{
 "rows": [
  {
   "req": "req-01-esp32s3-mini-2layer.md",
   "status": "HALT",
   "rounds": null,
   "n_rounds": 2
  },
  {
   "req": "req-02-rs485-sensor-hub.md",
   "status": "HALT",
   "rounds": null,
   "n_rounds": 2
  },
  {
   "req": "req-03-ir-remote-hub.md",
   "status": "PASS",
   "rounds": 1,
   "n_rounds": 1
  },
  {
   "req": "req-04-smart-dial-oled.md",
   "status": "PASS",
   "rounds": 1,
   "n_rounds": 1
  },
  {
   "req": "req-05-battery-ble-telemetry.md",
   "status": "PASS",
   "rounds": 1,
   "n_rounds": 1
  },
  {
   "req": "req-08-liion-protection-freeform.md",
   "status": "PASS",
   "rounds": 2,
   "n_rounds": 2
  },
  {
   "req": "req-09-ambiguous-sensor-node.md",
   "status": "PASS",
   "rounds": 1,
   "n_rounds": 1
  },
  {
   "req": "req-11-isolated-dido-module.md",
   "status": "PASS",
   "rounds": 1,
   "n_rounds": 1
  }
 ],
 "pass@3": 0.75,
 "pass@5": 0.75,
 "go3": true,
 "go5": false
}
[watchdog 18:22:48] attempt 3 exit=1 进度 6/8
[watchdog 18:23:18] attempt 4 开跑
{'req': 'req-01-esp32s3-mini-2layer.md', 'status': 'HALT', 'rounds': None, 'n_rounds': 2}
