[watchdog 02:50:47] attempt 1 开跑
{'req': 'req-06-pico-native-usb-gateway.md', 'status': 'PASS', 'rounds': 1, 'n_rounds': 1}
{'req': 'req-07-motor-driver-board.md', 'status': 'HALT', 'rounds': None, 'n_rounds': 2}
skip(done) req-10-esp32s3-industrial-4layer.md: {'req': 'req-10-esp32s3-industrial-4layer.md', 'status': 'PASS', 'rounds': 1, 'n_rounds': 1}
skip(done) req-12-hybrid-dual-mcu-gateway.md: {'req': 'req-12-hybrid-dual-mcu-gateway.md', 'status': 'PASS', 'rounds': 2, 'n_rounds': 2}
skip(done) req-13-env-sensor-motherboard.md: {'req': 'req-13-env-sensor-motherboard.md', 'status': 'PASS', 'rounds': 1, 'n_rounds': 1}
skip(done) req-14-door-sensor-e2e.md: {'req': 'req-14-door-sensor-e2e.md', 'status': 'PASS', 'rounds': 1, 'n_rounds': 1}
{
 "rows": [
  {
   "req": "req-06-pico-native-usb-gateway.md",
   "status": "PASS",
   "rounds": 1,
   "n_rounds": 1
  },
  {
   "req": "req-07-motor-driver-board.md",
   "status": "HALT",
   "rounds": null,
   "n_rounds": 2
  },
  {
   "req": "req-10-esp32s3-industrial-4layer.md",
   "status": "PASS",
   "rounds": 1,
   "n_rounds": 1
  },
  {
   "req": "req-12-hybrid-dual-mcu-gateway.md",
   "status": "PASS",
   "rounds": 2,
   "n_rounds": 2
  },
  {
   "req": "req-13-env-sensor-motherboard.md",
   "status": "PASS",
   "rounds": 1,
   "n_rounds": 1
  },
  {
   "req": "req-14-door-sensor-e2e.md",
   "status": "PASS",
   "rounds": 1,
   "n_rounds": 1
  }
 ],
 "pass@3": 0.8333333333333334,
 "pass@5": 0.8333333333333334,
 "go3": true,
 "go5": true
}
[watchdog 03:30:52] attempt 1 exit=0 进度 5/6
[watchdog 03:31:22] attempt 2 开跑
skip(done) req-06-pico-native-usb-gateway.md: {'req': 'req-06-pico-native-usb-gateway.md', 'status': 'PASS', 'rounds': 1, 'n_rounds': 1}
