skip(done) req-01-esp32s3-mini-2layer.md: {'req': 'req-01-esp32s3-mini-2layer.md', 'status': 'PASS', 'rounds': 1, 'n_rounds': 1}
skip(done) req-08-liion-protection-freeform.md: {'req': 'req-08-liion-protection-freeform.md', 'status': 'PASS', 'rounds': 2, 'n_rounds': 2}
{'req': 'req-11-isolated-dido-module.md', 'status': 'PASS', 'rounds': 1, 'n_rounds': 1}
{
 "rows": [
  {
   "req": "req-01-esp32s3-mini-2layer.md",
   "status": "PASS",
   "rounds": 1,
   "n_rounds": 1
  },
  {
   "req": "req-08-liion-protection-freeform.md",
   "status": "PASS",
   "rounds": 2,
   "n_rounds": 2
  },
  {
   "req": "req-11-isolated-dido-module.md",
   "status": "PASS",
   "rounds": 1,
   "n_rounds": 1
  }
 ],
 "pass@3": 1.0,
 "pass@5": 1.0,
 "go3": true,
 "go5": true
}
