skip(done) req-01-esp32s3-mini-2layer.md: {'req': 'req-01-esp32s3-mini-2layer.md', 'status': 'PASS', 'rounds': 1, 'n_rounds': 1}
skip(done) req-02-rs485-sensor-hub.md: {'req': 'req-02-rs485-sensor-hub.md', 'status': 'PASS', 'rounds': 1, 'n_rounds': 1}
skip(done) req-03-ir-remote-hub.md: {'req': 'req-03-ir-remote-hub.md', 'status': 'PASS', 'rounds': 1, 'n_rounds': 1}
skip(done) req-04-smart-dial-oled.md: {'req': 'req-04-smart-dial-oled.md', 'status': 'PASS', 'rounds': 1, 'n_rounds': 1}
skip(done) req-05-battery-ble-telemetry.md: {'req': 'req-05-battery-ble-telemetry.md', 'status': 'PASS', 'rounds': 1, 'n_rounds': 1}
{'req': 'req-08-liion-protection-freeform.md', 'status': 'PASS', 'rounds': 2, 'n_rounds': 2}
skip(done) req-09-ambiguous-sensor-node.md: {'req': 'req-09-ambiguous-sensor-node.md', 'status': 'PASS', 'rounds': 2, 'n_rounds': 2}
{'req': 'req-11-isolated-dido-module.md', 'status': 'PASS', 'rounds': 1, 'n_rounds': 1}
{
 "rows": [
  {
   "req": "req-01-esp32s3-mini-2layer.md",
   "status": "PASS",
   "rounds": 1,
   "n_rounds": 1
  },
  {
   "req": "req-02-rs485-sensor-hub.md",
   "status": "PASS",
   "rounds": 1,
   "n_rounds": 1
  },
  {
   "req": "req-03-ir-remote-hub.md",
   "status": "PASS",
   "rounds": 1,
   "n_rounds": 1
  },
  {
   "req": "req-04-smart-dial-oled.md",
   "status": "PASS",
   "rounds": 1,
   "n_rounds": 1
  },
  {
   "req": "req-05-battery-ble-telemetry.md",
   "status": "PASS",
   "rounds": 1,
   "n_rounds": 1
  },
  {
   "req": "req-09-ambiguous-sensor-node.md",
   "status": "PASS",
   "rounds": 2,
   "n_rounds": 2
  },
  {
   "req": "req-08-liion-protection-freeform.md",
   "status": "PASS",
   "rounds": 2,
   "n_rounds": 2
  },
  {
   "req": "req-11-isolated-dido-module.md",
   "status": "PASS",
   "rounds": 1,
   "n_rounds": 1
  }
 ],
 "pass@3": 1.0,
 "pass@5": 1.0,
 "go3": true,
 "go5": true
}
